{
 "greedy": {
  "P1": [
   {
    "k": 1,
    "label": "sa1",
    "amean": 3.0052
   },
   {
    "k": 2,
    "label": "c1",
    "amean": 3.1085
   },
   {
    "k": 3,
    "label": "c2",
    "amean": 3.1216
   },
   {
    "k": 4,
    "label": "sa3",
    "amean": 3.1286
   },
   {
    "k": 5,
    "label": "c9",
    "amean": 3.132
   },
   {
    "k": 6,
    "label": "c3",
    "amean": 3.135
   },
   {
    "k": 7,
    "label": "c8",
    "amean": 3.1367
   },
   {
    "k": 8,
    "label": "c12",
    "amean": 3.1383
   },
   {
    "k": 9,
    "label": "c4",
    "amean": 3.1394
   },
   {
    "k": 10,
    "label": "c7",
    "amean": 3.1401
   },
   {
    "k": 11,
    "label": "sa2",
    "amean": 3.1406
   },
   {
    "k": 12,
    "label": "c10",
    "amean": 3.1409
   }
  ],
  "P2": [
   {
    "k": 1,
    "label": "c12",
    "amean": 3.153
   },
   {
    "k": 2,
    "label": "c14",
    "amean": 3.4441
   },
   {
    "k": 3,
    "label": "c17",
    "amean": 3.484
   },
   {
    "k": 4,
    "label": "c1",
    "amean": 3.51
   },
   {
    "k": 5,
    "label": "s7",
    "amean": 3.5209
   },
   {
    "k": 6,
    "label": "s15",
    "amean": 3.531
   },
   {
    "k": 7,
    "label": "c8",
    "amean": 3.5394
   },
   {
    "k": 8,
    "label": "s3",
    "amean": 3.5464
   },
   {
    "k": 9,
    "label": "c3",
    "amean": 3.5534
   },
   {
    "k": 10,
    "label": "s16",
    "amean": 3.5594
   },
   {
    "k": 11,
    "label": "s11",
    "amean": 3.5628
   },
   {
    "k": 12,
    "label": "c16",
    "amean": 3.5652
   },
   {
    "k": 13,
    "label": "s2",
    "amean": 3.5676
   },
   {
    "k": 14,
    "label": "c5",
    "amean": 3.5698
   },
   {
    "k": 15,
    "label": "s6",
    "amean": 3.5718
   },
   {
    "k": 16,
    "label": "c6",
    "amean": 3.5733
   },
   {
    "k": 17,
    "label": "s9",
    "amean": 3.5743
   },
   {
    "k": 18,
    "label": "c7",
    "amean": 3.5748
   },
   {
    "k": 19,
    "label": "c9",
    "amean": 3.5753
   },
   {
    "k": 20,
    "label": "s4",
    "amean": 3.5756
   },
   {
    "k": 21,
    "label": "c10",
    "amean": 3.5759
   },
   {
    "k": 22,
    "label": "s14",
    "amean": 3.5761
   },
   {
    "k": 23,
    "label": "s8",
    "amean": 3.5763
   },
   {
    "k": 24,
    "label": "c15",
    "amean": 3.5765
   },
   {
    "k": 25,
    "label": "s12",
    "amean": 3.5765
   },
   {
    "k": 26,
    "label": "c2",
    "amean": 3.5766
   }
  ],
  "P3": [
   {
    "k": 1,
    "label": "c12",
    "amean": 3.2471
   },
   {
    "k": 2,
    "label": "c17",
    "amean": 3.531
   },
   {
    "k": 3,
    "label": "c15",
    "amean": 3.5872
   },
   {
    "k": 4,
    "label": "c1",
    "amean": 3.6116
   },
   {
    "k": 5,
    "label": "s11",
    "amean": 3.6241
   },
   {
    "k": 6,
    "label": "c3",
    "amean": 3.631
   },
   {
    "k": 7,
    "label": "c8",
    "amean": 3.6373
   },
   {
    "k": 8,
    "label": "s9",
    "amean": 3.6407
   },
   {
    "k": 9,
    "label": "s3",
    "amean": 3.6432
   },
  
