figure -> C:\Users\13985\Desktop\x\figures\fig01_architecture.png
figure -> C:\Users\13985\Desktop\x\figures\fig02_example_dag.png
figure -> C:\Users\13985\Desktop\x\figures\fig03_partition_sketch.png
figure -> C:\Users\13985\Desktop\x\figures\fig04_framework.png
figure -> C:\Users\13985\Desktop\x\figures\fig05_speedup.png
figure -> C:\Users\13985\Desktop\x\figures\fig05b_speedup_box.png
figure -> C:\Users\13985\Desktop\x\figures\fig09_runtime.png
figure -> C:\Users\13985\Desktop\x\figures\fig06_makespan_compare_p1_n4.png
figure -> C:\Users\13985\Desktop\x\figures\fig07_addedcopy_p1_n4.png
figure -> C:\Users\13985\Desktop\x\figures\fig13_pareto_p1_n4.png
figure -> C:\Users\13985\Desktop\x\figures\fig06_makespan_compare_p2_n4.png
figure -> C:\Users\13985\Desktop\x\figures\fig07_addedcopy_p2_n4.png
figure -> C:\Users\13985\Desktop\x\figures\fig13_pareto_p2_n4.png
figure -> C:\Users\13985\Desktop\x\figures\fig06_makespan_compare_p3_n4.png
figure -> C:\Users\13985\Desktop\x\figures\fig07_addedcopy_p3_n4.png
figure -> C:\Users\13985\Desktop\x\figures\fig13_pareto_p3_n4.png
figure -> C:\Users\13985\Desktop\x\figures\fig12_features_p2_n4.png
figure -> C:\Users\13985\Desktop\x\figures\fig08_cache.png
figure -> C:\Users\13985\Desktop\x\figures\fig10_p3_curve.png
figure -> C:\Users\13985\Desktop\x\figures\fig11_ablation.png
figure -> C:\Users\13985\Desktop\x\figures\fig14_granularity.png
figure -> C:\Users\13985\Desktop\x\figures\fig15_sensitivity.png
figure -> C:\Users\13985\Desktop\x\figures\fig16_subgraph_count.png
figure -> C:\Users\13985\Desktop\x\figures\fig17_lower_bound.png
figure -> C:\Users\13985\Desktop\x\figures\fig05c_speedup_ci.png
figure -> C:\Users\13985\Desktop\x\figures\fig18_monotone.png
figure -> C:\Users\13985\Desktop\x\figures\fig19_greedy.png
figure -> C:\Users\13985\Desktop\x\figures\fig20_anytime.png
figure -> C:\Users\13985\Desktop\x\figures\fig21_p2p3.png
figure -> C:\Users\13985\Desktop\x\figures\fig23_traffic_split.png
figure -> C:\Users\13985\Desktop\x\figures\fig24_proxy_within.png
figure -> C:\Users\13985\Desktop\x\figures\fig25_bounds_cdf.png
