table -> C:\Users\13985\Desktop\x\paper\tables\appendix_problem1.csv
table -> C:\Users\13985\Desktop\x\paper\tables\appendix_problem1.md
table -> C:\Users\13985\Desktop\x\paper\tables\appendix_problem2.csv
table -> C:\Users\13985\Desktop\x\paper\tables\appendix_problem2.md
table -> C:\Users\13985\Desktop\x\paper\tables\appendix_problem3.csv
table -> C:\Users\13985\Desktop\x\paper\tables\appendix_problem3.md
table -> C:\Users\13985\Desktop\x\paper\tables\appendix_problem3_cache.csv
{
 "problem1": {
  "speedup_geomean": {
   "2": 1.7756,
   "3": 2.46,
   "4": 3.0176,
   "5": 3.4784
  },
  "speedup_mean": {
   "2": 1.8141,
   "3": 2.5478,
   "4": 3.1863,
   "5": 3.7353
  },
  "speedup_median": {
   "2": 1.9825,
   "3": 2.844,
   "4": 3.5977,
   "5": 3.9755
  },
  "speedup_min": {
   "2": 1.0,
   "3": 1.0,
   "4": 1.0829,
   "5": 1.0959
  },
  "speedup_max": {
   "2": 2.3092,
   "3": 3.341,
   "4": 4.4784,
   "5": 5.5011
  },
  "cases": {
   "2": 100,
   "3": 100,
   "4": 100,
   "5": 100
  },
  "added_copy_total": {
   "2": 1362674056,
   "3": 1491408456,
   "4": 1702854408,
   "5": 1716021420
  },
  "added_copy_median": {
   "2": 1608871,
   "3": 1603485,
   "4": 1425402,
   "5": 1568428
  },
  "spill_added_total": {
   "2": 550584342,
   "3": 613681712,
   "4": 704100600,
   "5": 726694768
  },
  "partition_added_total": {
   "2": 812089714,
   "3": 877726744,
   "4": 998753808,
   "5": 989326652
  },
  "cache_hit_mean": {},
  "speedup_ci": {
   "2": [
    1.7458,
    1.8785
   ],
   "3": [
    2.4259,
    2.6585
   ],
   "4": [
    2.9976,
    3.3602
   ],
   "5": [
    3.4836,
    3.9726
   ]
  },
  "speedup_by_strata": {
   "2": {
    "rho<0.2": {
     "amean": 2.0023,
     "gmean": 1.9992,
     "median": 1.9997,
     "min": 1.6017,
     "max": 2.3092,
     "p90": 2.1127,
     "n": 59,
     "ci_lo": 1.9731,
     "ci_hi": 2.0302
    },
    "0.2<=rho<0.5": {
     "amean": 1.9076,
     "gmean": 1.9039,
     "median": 1.9601,
     "min": 1.671,
     "max": 2.0474,
     "p90": 2.0057,
     "n": 12,
     "ci_lo": 1.8398,
     "ci_hi": 1.968
    },
    "rho>=0.5": {
     "amean": 1.3924,
     "gmean": 1.3553,
     "median": 1.3803,
     "min": 1.0,
     "max": 1.9972,
     "p90": 1.9467,
     "n": 29,
     "ci_lo": 1.276,
     "ci_hi": 1.5143
    }
   },
   "3": {
    "rho<0.2": {
     "amean": 2.8717,
     "gmean": 2.855,
     "median": 2.9596,
     "min": 1.6017,
     "max": 3.341,
     "p90": 3.0926,
     "n": 59,
     "ci_lo": 2.7934,
     "ci_hi": 2.939
    },
    "0.2<=rho<0.5": {
     "amean": 2.516,
     "gmean": 2.4917,
     "median": 2.5739,
     "min": 1.9298,
     "max": 3.0197,
     "p90": 2.9617,
     "n": 12,
     "ci_lo": 2.3218,
     "ci_hi": 2.7058
    },
    "rho>=0.5": {
     "amean": 1.9019,
     "gmean": 1.8074,
     "median": 2.0051,
     "min": 1.0,
     "max": 2.9884,
     "p90": 2.7289,
     "n": 29,
     "ci_lo": 1.6896,
     "ci_hi": 2.1158
    }
   },
   "4": {
    "rho<0.2": {
     "amean": 3.6707,
     "gmean": 3.6164,
     "median": 3.8955,
     "min": 1.6017,
     "max": 4.4784,
     "p90": 4.0404,
     "n": 59,
     "ci_lo": 3.5172,
     "ci_hi": 3.8099
    },
    "0.2<=rho<0.5": {
     "amean": 2.9907,
     "gmean": 2.918,
     "median": 2.9323,
     "min": 2.1414,
     "max": 4.0263,
     "p90": 3.8787,
     "n": 12,
     "ci_lo": 2.6298,
     "ci_hi": 3.3635
    },
    "rho>=0.5": {
     "amean": 2.2817,
     "gmean": 2.1173,
     "median": 2.2716,
     "min": 1.0829,
     "max": 3.974,
     "p90": 3.4414,
     "n": 29,
     "ci_lo": 1.9765,
     "ci_hi": 2.5944
    }
   },
   "5": {
    "rho<0.2": {
     "amean": 4.3859,
     "gmean": 4.2848,
     "median": 4.7882,
     "min": 1.6017,
     "max": 5.5011,
     "p90": 5.0042,
     "n": 59,
     "ci_lo": 4.161,
     "ci_hi": 4.5908
    },
    "0.2<=rho<0.5": {
     "amean": 3.4225,
     "gmean": 3.3025,
     "median": 3.4586,
     "min": 2.1631,
     "max": 4.9558,
     "p90": 4.7421,
     "n": 12,
     "ci_lo": 2.9291,
     "ci_hi": 3.9282
    },
    "rho>=0.5": {
     "amean": 2.541,
     "gmean": 2.3254,
     "median": 2.4198,
     "min": 1.0959,
     "max": 4.9574,
     "p90": 3.7222,
     "n": 29,
     "ci_lo": 2.1701,
     "ci_hi": 2.937
    }
   }
  }
 },
 "problem2": {
  "speedup_geomean": {
   "2": 2.0299,
   "3": 2.8161,
   "4": 3.5194,
   "5": 4.0569
  },
  "speedup_mean": {
   "2": 2.0608,
   "3": 2.8809,
   "4": 3.6309,
   "5": 4.2405
  },
  "speedup_median": {
   "2": 2.0057,
   "3": 2.9757,
   "4": 3.9118,
   "5": 4.6385
  },
  "speedup_min": {
   "2": 1.0,
   "3": 1.0,
   "4": 1.2639,
   "5": 1.2639
  },
  "speedup_max": {
   "2": 3.5125,
   "3": 4.397,
   "4": 5.5097,
   "5": 6.788
  },
  "cases": {
   "2": 100,
   "3": 100,
   "4": 100,
   "5": 100
  },
  "added_copy_total": {
   "2": 553342620,
   "3": 655781010,
   "4": 740273116,
   "5": 783774778
  },
  "added_copy_median": {
   "2": 496641,
   "3": 1101824,
   "4": 1234962,
   "5": 1576829
  },
  "spill_added_total": {
   "2": 437318288,
   "3": 384351192,
   "4": 341543220,
   "5": 318161876
  },
  "partition_added_total": {
   "2": 116024332,
   "3": 271429818,
   "4": 398729896,
   "5": 465612902
  },
  "cache_hit_mean": {},
  "speedup_ci": {
   "2": [
    1.9936,
    2.129
   ],
   "3": [
    2.7698,
    2.9831
   ],
   "4": [
    3.4688,
    3.7804
   ],
   "5": [
    4.015,
    4.4504
   ]
  },
  "speedup_by_strata": {
   "2": {
    "rho<0.2": {
     "amean": 2.1747,
     "gmean": 2.1552,
     "median": 2.0161,
     "min": 1.7651,
     "max": 3.5125,
     "p90": 2.5409,
     "n": 59,
     "ci_lo": 2.0969,
     "ci_hi": 2.2627
    },
    "0.2<=rho<0.5": {
     "amean": 2.0776,
     "gmean": 2.0725,
     "median": 2.0266,
     "min": 1.9643,
     "max": 2.4653,
     "p90": 2.3141,
     "n": 12,
     "ci_lo": 2.0055,
     "ci_hi": 2.1723
    },
    "rho>=0.5": {
     "amean": 1.8221,
     "gmean": 1.7817,
     "median": 1.8954,
     "min": 1.0,
     "max": 2.1729,
     "p90": 2.1291,
     "n": 29,
     "ci_lo": 1.6879,
     "ci_hi": 1.9383
    }
   },
   "3": {
    "rho<0.2": {
     "amean": 3.1464,
     "gmean": 3.1275,
     "median": 3.0093,
     "min": 2.503,
     "max": 4.397,
     "p90": 3.6209,
     "n": 59,
     "ci_lo": 3.0571,
     "ci_hi": 3.2433
    },
    "0.2<=rho<0.5": {
     "amean": 2.8515,
     "gmean": 2.8448,
     "median": 2.8506,
     "min": 2.5314,
     "max": 3.271,
     "p90": 3.0109,
     "n": 12,
     "ci_lo": 2.7441,
     "ci_hi": 2.9639
    },
    "rho>=0.5": {
     "amean": 2.3528,
     "gmean": 2.2653,
     "median": 2.4476,
     "min": 1.0,
     "max": 3.1817,
     "p90": 3.0609,
     "n": 29,
     "ci_lo": 2.132,
     "ci_hi": 2.5547
    }
   },
   "4": {
    "rho<0.2": {
     "amean": 4.0657,
     "gmean": 4.0427,
     "median": 3.9862,
     "min": 3.0048,
     "max": 5.5097,
     "p90": 4.5879,
     "n": 59,
     "ci_lo": 3.9539,
     "ci_hi": 4.1803
    },
    "0.2<=rho<0.5": {
     "amean": 3.4829,
     "gmean": 3.4499,
     "median": 3.5793,
     "min": 2.5818,
     "max": 4.0313,
     "p90": 4.0123,
     "n": 12,
     "ci_lo": 3.2146,
     "ci_hi": 3.7294
    },
    "rho>=0.5": {
     "amean": 2.8077,
     "gmean": 2.6764,
     "median": 2.9013,
     "min": 1.2639,
     "max": 4.0058,
     "p90": 3.9165,
     "n": 29,
     "ci_lo": 2.5105,
     "ci_hi": 3.0927
    }
   },
   "5": {
    "rho<0.2": {
     "amean": 4.8722,
     "gmean": 4.8248,
     "median": 4.9515,
     "min": 3.0048,
     "max": 6.788,
     "p90": 5.5592,
     "n": 59,
     "ci_lo": 4.6995,
     "ci_hi": 5.0391
    },
    "0.2<=rho<0.5": {
     "amean": 3.9714,
     "gmean": 3.9018,
     "median": 4.0867,
     "min": 2.5818,
     "max": 4.9744,
     "p90": 4.7818,
     "n": 12,
     "ci_lo": 3.562,
     "ci_hi": 4.3551
    },
    "rho>=0.5": {
     "amean": 3.0668,
     "gmean": 2.8976,
     "median": 3.1867,
     "min": 1.2639,
     "max": 5.0244,
     "p90": 4.1179,
     "n": 29,
     "ci_lo": 2.7101,
     "ci_hi": 3.4221
    }
   }
  }
 },
 "problem3": {
  "speedup_geomean": {
   "2": 2.0317,
   "3": 2.825,
   "4": 3.564,
   "5": 4.1366
  },
  "speedup_mean": {
   "2": 2.0626,
   "3": 2.8897,
   "4": 3.6741,
   "5": 4.3122
  },
  "speedup_median": {
   "2": 2.0085,
   "3": 2.9848,
   "4": 3.9391,
   "5": 4.7281
  },
  "speedup_min": {
   "2": 1.0,
   "3": 1.0,
   "4": 1.264,
   "5": 1.264
  },
  "speedup_max": {
   "2": 3.5164,
   "3": 4.397,
   "4": 5.5097,
   "5": 6.788
  },
  "cases": {
   "2": 100,
   "3": 100,
   "4": 100,
   "5": 100
  },
  "added_copy_total": {
   "2": 548225356,
   "3": 657121284,
   "4": 763783726,
   "5": 794561366
  },
  "added_copy_median": {
   "2": 496641,
   "3": 1101824,
   "4": 1352694,
   "5": 1843778
  },
  "spill_added_total": {
   "2": 433876768,
   "3": 385193944,
   "4": 342623924,
   "5": 321980898
  },
  "partition_added_total": {
   "2": 114348588,
   "3": 271927340,
   "4": 421159802,
   "5": 472580468
  },
  "cache_hit_mean": {
   "2": 0.151,
   "3": 0.242,
   "4": 0.2607,
   "5": 0.29
  },
  "speedup_ci": {
   "2": [
    1.9954,
    2.1308
   ],
   "3": [
    2.7792,
    2.9922
   ],
   "4": [
    3.5143,
    3.8236
   ],
   "5": [
    4.0904,
    4.5175
   ]
  },
  "speedup_by_strata": {
   "2": {
    "rho<0.2": {
     "amean": 2.1762,
     "gmean": 2.1566,
     "median": 2.0178,
     "min": 1.7651,
     "max": 3.5164,
     "p90": 2.5409,
     "n": 59,
     "ci_lo": 2.0984,
     "ci_hi": 2.2641
    },
    "0.2<=rho<0.5": {
     "amean": 2.0798,
     "gmean": 2.0748,
     "median": 2.0277,
     "min": 1.9755,
     "max": 2.4653,
     "p90": 2.3145,
     "n": 12,
     "ci_lo": 2.0084,
     "ci_hi": 2.174
    },
    "rho>=0.5": {
     "amean": 1.8243,
     "gmean": 1.784,
     "median": 1.9176,
     "min": 1.0,
     "max": 2.1729,
     "p90": 2.1291,
     "n": 29,
     "ci_lo": 1.6899,
     "ci_hi": 1.9403
    }
   },
   "3": {
    "rho<0.2": {
     "amean": 3.1543,
     "gmean": 3.1358,
     "median": 3.0155,
     "min": 2.5485,
     "max": 4.397,
     "p90": 3.6394,
     "n": 59,
     "ci_lo": 3.0654,
     "ci_hi": 3.2514
    },
    "0.2<=rho<0.5": {
     "amean": 2.871,
     "gmean": 2.864,
     "median": 2.8679,
     "min": 2.5314,
     "max": 3.286,
     "p90": 3.0675,
     "n": 12,
     "ci_lo": 2.7606,
     "ci_hi": 2.9852
    },
    "rho>=0.5": {
     "amean": 2.3594,
     "gmean": 2.2717,
     "median": 2.4696,
     "min": 1.0,
     "max": 3.1817,
     "p90": 3.0703,
     "n": 29,
     "ci_lo": 2.1381,
     "ci_hi": 2.5611
    }
   },
   "4": {
    "rho<0.2": {
     "amean": 4.1156,
     "gmean": 4.0956,
     "median": 3.9945,
     "min": 3.0793,
     "max": 5.5097,
     "p90": 4.6924,
     "n": 59,
     "ci_lo": 4.0096,
     "ci_hi": 4.2256
    },
    "0.2<=rho<0.5": {
     "amean": 3.4982,
     "gmean": 3.4655,
     "median": 3.5876,
     "min": 2.5819,
     "max": 4.0313,
     "p90": 4.0208,
     "n": 12,
     "ci_lo": 3.2295,
     "ci_hi": 3.7425
    },
    "rho>=0.5": {
     "amean": 2.8486,
     "gmean": 2.7173,
     "median": 2.999,
     "min": 1.264,
     "max": 4.0058,
     "p90": 3.917,
     "n": 29,
     "ci_lo": 2.5492,
     "ci_hi": 3.1323
    }
   },
   "5": {
    "rho<0.2": {
     "amean": 4.9433,
     "gmean": 4.9069,
     "median": 4.9631,
     "min": 3.2446,
     "max": 6.788,
     "p90": 5.6233,
     "n": 59,
     "ci_lo": 4.7889,
     "ci_hi": 5.096
    },
    "0.2<=rho<0.5": {
     "amean": 4.0307,
     "gmean": 3.9649,
     "median": 4.167,
     "min": 2.5819,
     "max": 5.0035,
     "p90": 4.7973,
     "n": 12,
     "ci_lo": 3.6284,
     "ci_hi": 4.4022
    },
    "rho>=0.5": {
     "amean": 3.1447,
     "gmean": 2.9743,
     "median": 3.2761,
     "min": 1.264,
     "max": 5.0244,
     "p90": 4.1793,
     "n": 29,
     "ci_lo": 2.7841,
     "ci_hi": 3.4973
    }
   }
  }
 },
 "baseline_speedup": {
  "p1_n2": {
   "balance": 1.1073,
   "comm": 1.4894,
   "random": 0.9659,
   "topo": 1.0931,
   "capls": 1.8141
  },
  "p1_n3": {
   "balance": 1.0179,
   "comm": 1.9297,
   "random": 0.9426,
   "topo": 1.0171,
   "capls": 2.5478
  },
  "p1_n4": {
   "balance": 1.2267,
   "comm": 2.3485,
   "random": 0.9186,
   "topo": 1.223,
   "capls": 3.1863
  },
  "p1_n5": {
   "balance": 1.1599,
   "comm": 2.6012,
   "random": 0.9112,
   "topo": 1.1899,
   "capls": 3.7353
  },
  "p2_n2": {
   "balance": 1.3479,
   "comm": 1.6476,
   "random": 1.036,
   "topo": 1.452,
   "capls": 2.0608
  },
  "p2_n3": {
   "balance": 1.4337,
   "comm": 2.2477,
   "random": 1.0667,
   "topo": 1.6005,
   "capls": 2.8809
  },
  "p2_n4": {
   "balance": 1.6716,
   "comm": 2.7837,
   "random": 1.0983,
   "topo": 1.8742,
   "capls": 3.6309
  },
  "p2_n5": {
   "balance": 1.6511,
   "comm": 3.1648,
   "random": 1.1365,
   "topo": 1.8806,
   "capls": 4.2405
  },
  "p3_n2": {
   "balance": 1.3617,
   "comm": 1.666,
   "random": 1.0435,
   "topo": 1.4706,
   "capls": 2.0626
  },
  "p3_n3": {
   "balance": 1.4474,
   "comm": 2.2716,
   "random": 1.0752,
   "topo": 1.6193,
   "capls": 2.8897
  },
  "p3_n4": {
   "balance": 1.6884,
   "comm": 2.8305,
   "random": 1.1115,
   "topo": 1.9006,
   "capls": 3.6741
  },
  "p3_n5": {
   "balance": 1.6741,
   "comm": 3.235,
   "random": 1.1537,
   "topo": 1.9159,
   "capls": 4.3122
  }
 },
 "baseline_speedup_geomean": {
  "p1_n2": {
   "balance": 1.0668,
   "comm": 1.4053,
   "random": 0.9613,
   "topo": 1.051,
   "capls": 1.7756
  },
  "p1_n3": {
   "balance": 0.9853,
   "comm": 1.7455,
   "random": 0.9342,
   "topo": 0.9803,
   "capls": 2.46
  },
  "p1_n4": {
   "balance": 1.0695,
   "comm": 2.0544,
   "random": 0.9062,
   "topo": 1.0614,
   "capls": 3.0176
  },
  "p1_n5": {
   "balance": 1.0155,
   "comm": 2.1471,
   "random": 0.8931,
   "topo": 1.0296,
   "capls": 3.4784
  },
  "p2_n2": {
   "balance": 1.3128,
   "comm": 1.5887,
   "random": 1.029,
   "topo": 1.4124,
   "capls": 2.0299
  },
  "p2_n3": {
   "balance": 1.375,
   "comm": 2.0973,
   "random": 1.0565,
   "topo": 1.5132,
   "capls": 2.8161
  },
  "p2_n4": {
   "balance": 1.5102,
   "comm": 2.5084,
   "random": 1.081,
   "topo": 1.6762,
   "capls": 3.5194
  },
  "p2_n5": {
   "balance": 1.4769,
   "comm": 2.7126,
   "random": 1.1107,
   "topo": 1.6445,
   "capls": 4.0569
  },
  "p3_n2": {
   "balance": 1.3256,
   "comm": 1.6064,
   "random": 1.0353,
   "topo": 1.4281,
   "capls": 2.0317
  },
  "p3_n3": {
   "balance": 1.3881,
   "comm": 2.1238,
   "random": 1.0642,
   "topo": 1.529,
   "capls": 2.825
  },
  "p3_n4": {
   "balance": 1.527,
   "comm": 2.5625,
   "random": 1.0931,
   "topo": 1.6996,
   "capls": 3.564
  },
  "p3_n5": {
   "balance": 1.4981,
   "comm": 2.792,
   "random": 1.1269,
   "topo": 1.6731,
   "capls": 4.1366
  }
 },
 "baseline_failrate": {
  "p1_balance": 0.0,
  "p1_comm": 0.0,
  "p1_random": 0.0,
  "p1_topo": 0.0,
  "p2_balance": 0.0,
  "p2_comm": 0.0,
  "p2_random": 0.0,
  "p2_topo": 0.0,
  "p3_balance": 0.0,
  "p3_comm": 0.0,
  "p3_random": 0.0,
  "p3_topo": 0.0
 },
 "baseline_added_total": {
  "p1_n2": {
   "random": 3428926378,
   "topo": 1362523252,
   "balance": 1362523252,
   "comm": 1990392594
  },
  "p1_n3": {
   "random": 3739083290,
   "topo": 1439569336,
   "balance": 1439569336,
   "comm": 2105913510
  },
  "p1_n4": {
   "random": 3971786940,
   "topo": 1475109154,
   "balance": 1475109154,
   "comm": 2253360374
  },
  "p1_n5": {
   "random": 4158327014,
   "topo": 1545768744,
   "balance": 1545768744,
   "comm": 2267430376
  },
  "p2_n2": {
   "random": 3346120784,
   "topo": 1357293294,
   "balance": 1345325766,
   "comm": 1220827688
  },
  "p2_n3": {
   "random": 3596385526,
   "topo": 1417831554,
   "balance": 1404616686,
   "comm": 1312650038
  },
  "p2_n4": {
   "random": 3795319848,
   "topo": 1435762396,
   "balance": 1421541170,
   "comm": 1421858688
  },
  "p2_n5": {
   "random": 3948334598,
   "topo": 1493309438,
   "balance": 1478303304,
   "comm": 1496283238
  },
  "p3_n2": {
   "random": 3346120784,
   "topo": 1357293294,
   "balance": 1345325766,
   "comm": 1220827688
  },
  "p3_n3": {
   "random": 3596385526,
   "topo": 1417831554,
   "balance": 1404616686,
   "comm": 1312650038
  },
  "p3_n4": {
   "random": 3795319848,
   "topo": 1435762396,
   "balance": 1421541170,
   "comm": 1421858688
  },
  "p3_n5": {
   "random": 3948334598,
   "topo": 1493309438,
   "balance": 1478303304,
   "comm": 1496283238
  }
 },
 "ablation": {
  "problem1": {
   "full": 2.5384,
   "no_balance": 2.5797,
   "no_cache_aware": 2.5384,
   "no_comm": 2.4207,
   "no_level": 2.0734,
   "no_localsearch": 2.5364,
   "no_sync": 2.5308
  },
  "problem2": {
   "full": 2.6313,
   "no_balance": 2.7045,
   "no_cache_aware": 2.6313,
   "no_comm": 2.5003,
   "no_level": 2.4568,
   "no_localsearch": 2.6453,
   "no_sync": 2.6307
  },
  "problem3": {
   "full": 2.6914,
   "no_balance": 2.7555,
   "no_cache_aware": 2.6678,
   "no_comm": 2.5448,
   "no_level": 2.4854,
   "no_localsearch": 2.6961,
   "no_sync": 2.6886
  }
 },
 "ablation_geomean": {
  "problem1": {
   "full": 2.2754,
   "no_balance": 2.3281,
   "no_cache_aware": 2.2754,
   "no_comm": 2.1535,
   "no_level": 1.8067,
   "no_localsearch": 2.2737,
   "no_sync": 2.2642
  },
  "problem2": {
   "full": 2.3921,
   "no_balance": 2.4791,
   "no_cache_aware": 2.3921,
   "no_comm": 2.2317,
   "no_level": 2.1977,
   "no_localsearch": 2.4084,
   "no_sync": 2.391
  },
  "problem3": {
   "full": 2.456,
   "no_balance": 2.5294,
   "no_cache_aware": 2.428,
   "no_comm": 2.2762,
   "no_level": 2.2238,
   "no_localsearch": 2.4579,
   "no_sync": 2.4508
  }
 },
 "ablation_failrate": {
  "p1_full": 0.0,
  "p1_no_balance": 0.0,
  "p1_no_cache_aware": 0.0,
  "p1_no_comm": 0.0,
  "p1_no_level": 0.0,
  "p1_no_localsearch": 0.0,
  "p1_no_sync": 0.0,
  "p2_full": 0.0,
  "p2_no_balance": 0.0,
  "p2_no_cache_aware": 0.0,
  "p2_no_comm": 0.0,
  "p2_no_level": 0.0,
  "p2_no_localsearch": 0.0,
  "p2_no_sync": 0.0,
  "p3_full": 0.0,
  "p3_no_balance": 0.0,
  "p3_no_cache_aware": 0.0,
  "p3_no_comm": 0.0,
  "p3_no_level": 0.0,
  "p3_no_localsearch": 0.0,
  "p3_no_sync": 0.0
 },
 "l2_gain_gt1pct": {
  "1": 6,
  "2": 1,
  "3": 11,
  "4": 32,
  "5": 48
 },
 "l2_gain_maxcase": {
  "1": "case_044",
  "2": "case_071",
  "3": "case_044",
  "4": "case_044",
  "5": "case_044"
 },
 "l2_hit_nonzero": {
  "1": 31,
  "2": 74,
  "3": 83,
  "4": 79,
  "5": 83
 },
 "l2_hit_max": {
  "1": 0.82,
  "2": 0.5698,
  "3": 0.6307,
  "4": 0.7418,
  "5": 0.7951
 },
 "l2_gain": {
  "1": 1.0086,
  "2": 1.0008,
  "3": 1.0051,
  "4": 1.0308,
  "5": 1.0519
 },
 "l2_gain_geomean": {
  "1": 1.0077,
  "2": 1.0008,
  "3": 1.005,
  "4": 1.0266,
  "5": 1.0451
 },
 "l2_gain_max": {
  "1": 1.4322,
  "2": 1.0198,
  "3": 1.1132,
  "4": 2.139,
  "5": 2.1811
 },
 "l2_hit_rate": {
  "1": 0.092,
  "2": 0.1529,
  "3": 0.2621,
  "4": 0.2723,
  "5": 0.3215
 },
 "bound_gap": {
  "problem1": {
   "2": 1.3725,
   "3": 1.48,
   "4": 1.6033,
   "5": 1.7235
  },
  "problem2": {
   "2": 1.2006,
   "3": 1.2929,
   "4": 1.3747,
   "5": 1.4778
  },
  "problem3": {
   "2": 1.1995,
   "3": 1.2888,
   "4": 1.3575,
   "5": 1.4493
  }
 },
 "runtime": {
  "mean": 0.566,
  "median": 0.228,
  "p95": 2.272,
  "max": 9.235,
  "n": 22418
 },
 "eval_time": {
  "mean": 5.501,
  "max": 1746.854
 },
 "paired": {
  "problem1": {
   "capls_vs_random": {
    "n": 100,
    "win": 100,
    "tie": 0,
    "loss": 0,
    "mean_a": 3.1863,
    "mean_b": 0.9186,
    "rel": 2.4687,
    "p": 3.8965598450959084e-18,
    "p_holm": 3.896559845095909e-17
   },
   "capls_vs_topo": {
    "n": 100,
    "win": 99,
    "tie": 1,
    "loss": 0,
    "mean_a": 3.1863,
    "mean_b": 1.223,
    "rel": 1.6054,
    "p": 5.697220948724935e-18,
    "p_holm": 5.127498853852442e-17
   },
   "capls_vs_balance": {
    "n": 100,
    "win": 99,
    "tie": 1,
    "loss": 0,
    "mean_a": 3.1863,
    "mean_b": 1.2267,
    "rel": 1.5975,
    "p": 5.697220948724935e-18,
    "p_holm": 5.127498853852442e-17
   },
   "capls_vs_comm": {
    "n": 100,
    "win": 99,
    "tie": 1,
    "loss": 0,
    "mean_a": 3.1863,
    "mean_b": 2.3485,
    "rel": 0.3568,
    "p": 5.697220948724935e-18,
    "p_holm": 5.127498853852442e-17
   },
   "full_vs_no_balance": {
    "n": 100,
    "win": 33,
    "tie": 31,
    "loss": 36,
    "mean_a": 2.8797,
    "mean_b": 2.9346,
    "rel": -0.0187,
    "p": 0.12738546113030358,
    "p_holm": 0.5095418445212143
   },
   "full_vs_no_cache_aware": {
    "n": 100,
    "win": 0,
    "tie": 100,
    "loss": 0,
    "mean_a": 2.8797,
    "mean_b": 2.8797,
    "rel": 0.0,
    "p": 1.0,
    "p_holm": 1.0
   },
   "full_vs_no_comm": {
    "n": 100,
    "win": 66,
    "tie": 6,
    "loss": 28,
    "mean_a": 2.8797,
    "mean_b": 2.6972,
    "rel": 0.0677,
    "p": 0.00015544108235472791,
    "p_holm": 0.0007772054117736396
   },
   "full_vs_no_level": {
    "n": 100,
    "win": 90,
    "tie": 1,
    "loss": 9,
    "mean_a": 2.8797,
    "mean_b": 2.3269,
    "rel": 0.2376,
    "p": 1.2826177494549905e-15,
    "p_holm": 7.695706496729942e-15
   },
   "full_vs_no_localsearch": {
    "n": 100,
    "win": 17,
    "tie": 66,
    "loss": 17,
    "mean_a": 2.8797,
    "mean_b": 2.8903,
    "rel": -0.0037,
    "p": 0.921714042050623,
    "p_holm": 1.0
   },
   "full_vs_no_sync": {
    "n": 100,
    "win": 11,
    "tie": 79,
    "loss": 10,
    "mean_a": 2.8797,
    "mean_b": 2.8786,
    "rel": 0.0004,
    "p": 0.7331868995612068,
    "p_holm": 1.0
   }
  },
  "problem2": {
   "capls_vs_random": {
    "n": 100,
    "win": 100,
    "tie": 0,
    "loss": 0,
    "mean_a": 3.6309,
    "mean_b": 1.0983,
    "rel": 2.306,
    "p": 3.8965598450959084e-18,
    "p_holm": 3.896559845095909e-17
   },
   "capls_vs_topo": {
    "n": 100,
    "win": 95,
    "tie": 5,
    "loss": 0,
    "mean_a": 3.6309,
    "mean_b": 1.8742,
    "rel": 0.9373,
    "p": 1.781293897222056e-17,
    "p_holm": 1.6031645074998503e-16
   },
   "capls_vs_balance": {
    "n": 100,
    "win": 95,
    "tie": 5,
    "loss": 0,
    "mean_a": 3.6309,
    "mean_b": 1.6716,
    "rel": 1.1721,
    "p": 1.781293897222056e-17,
    "p_holm": 1.6031645074998503e-16
   },
   "capls_vs_comm": {
    "n": 100,
    "win": 81,
    "tie": 19,
    "loss": 0,
    "mean_a": 3.6309,
    "mean_b": 2.7837,
    "rel": 0.3044,
    "p": 5.362626265112969e-15,
    "p_holm": 3.7538383855790784e-14
   },
   "full_vs_no_balance": {
    "n": 100,
    "win": 30,
    "tie": 31,
    "loss": 39,
    "mean_a": 2.9961,
    "mean_b": 3.0919,
    "rel": -0.031,
    "p": 0.018791004318132368,
    "p_holm": 0.07516401727252947
   },
   "full_vs_no_cache_aware": {
    "n": 100,
    "win": 0,
    "tie": 100,
    "loss": 0,
    "mean_a": 2.9961,
    "mean_b": 2.9961,
    "rel": 0.0,
    "p": 1.0,
    "p_holm": 1.0
   },
   "full_vs_no_comm": {
    "n": 100,
    "win": 70,
    "tie": 8,
    "loss": 22,
    "mean_a": 2.9961,
    "mean_b": 2.7918,
    "rel": 0.0732,
    "p": 1.631170358900996e-06,
    "p_holm": 9.787022153405976e-06
   },
   "full_vs_no_level": {
    "n": 100,
    "win": 50,
    "tie": 35,
    "loss": 15,
    "mean_a": 2.9961,
    "mean_b": 2.7767,
    "rel": 0.079,
    "p": 1.1241305572872164e-05,
    "p_holm": 5.620652786436082e-05
   },
   "full_vs_no_localsearch": {
    "n": 100,
    "win": 15,
    "tie": 67,
    "loss": 18,
    "mean_a": 2.9961,
    "mean_b": 3.0215,
    "rel": -0.0084,
    "p": 0.30097763353400153,
    "p_holm": 0.9029329006020046
   },
   "full_vs_no_sync": {
    "n": 100,
    "win": 13,
    "tie": 79,
    "loss": 8,
    "mean_a": 2.9961,
    "mean_b": 2.9969,
    "rel": -0.0003,
    "p": 0.5430157923729039,
    "p_holm": 1.0
   }
  },
  "problem3": {
   "capls_vs_random": {
    "n": 100,
    "win": 100,
    "tie": 0,
    "loss": 0,
    "mean_a": 3.6741,
    "mean_b": 1.1115,
    "rel": 2.3055,
    "p": 3.8965598450959084e-18,
    "p_holm": 3.896559845095909e-17
   },
   "capls_vs_topo": {
    "n": 100,
    "win": 95,
    "tie": 5,
    "loss": 0,
    "mean_a": 3.6741,
    "mean_b": 1.9006,
    "rel": 0.9331,
    "p": 1.781293897222056e-17,
    "p_holm": 1.6031645074998503e-16
   },
   "capls_vs_balance": {
    "n": 100,
    "win": 95,
    "tie": 5,
    "loss": 0,
    "mean_a": 3.6741,
    "mean_b": 1.6884,
    "rel": 1.176,
    "p": 1.781293897222056e-17,
    "p_holm": 1.6031645074998503e-16
   },
   "capls_vs_comm": {
    "n": 100,
    "win": 82,
    "tie": 18,
    "loss": 0,
    "mean_a": 3.6741,
    "mean_b": 2.8305,
    "rel": 0.298,
    "p": 3.663890942678321e-15,
    "p_holm": 2.5647236598748247e-14
   },
   "full_vs_no_balance": {
    "n": 100,
    "win": 30,
    "tie": 32,
    "loss": 38,
    "mean_a": 3.072,
    "mean_b": 3.1469,
    "rel": -0.0238,
    "p": 0.021173081456588423,
    "p_holm": 0.08469232582635369
   },
   "full_vs_no_cache_aware": {
    "n": 100,
    "win": 11,
    "tie": 81,
    "loss": 8,
    "mean_a": 3.072,
    "mean_b": 3.0376,
    "rel": 0.0113,
    "p": 0.07015661401800452,
    "p_holm": 0.21046984205401356
   },
   "full_vs_no_comm": {
    "n": 100,
    "win": 70,
    "tie": 9,
    "loss": 21,
    "mean_a": 3.072,
    "mean_b": 2.8394,
    "rel": 0.0819,
    "p": 1.805184026017011e-07,
    "p_holm": 1.0831104156102066e-06
   },
   "full_vs_no_level": {
    "n": 100,
    "win": 52,
    "tie": 34,
    "loss": 14,
    "mean_a": 3.072,
    "mean_b": 2.8233,
    "rel": 0.0881,
    "p": 3.0638355249409616e-06,
    "p_holm": 1.5319177624704808e-05
   },
   "full_vs_no_localsearch": {
    "n": 100,
    "win": 12,
    "tie": 79,
    "loss": 9,
    "mean_a": 3.072,
    "mean_b": 3.0755,
    "rel": -0.0011,
    "p": 0.5230089917974712,
    "p_holm": 0.6132482461296676
   },
   "full_vs_no_sync": {
    "n": 100,
    "win": 10,
    "tie": 85,
    "loss": 5,
    "mean_a": 3.072,
    "mean_b": 3.0747,
    "rel": -0.0009,
    "p": 0.3066241230648338,
    "p_holm": 0.6132482461296676
   }
  }
 },
 "ablation2": {
  "problem1": {
   "full_c2": {
    "describe": {
     "amean": 2.5541,
     "gmean": 2.3043,
     "median": 2.2852,
     "min": 0.5464,
     "max": 5.5011,
     "p90": 4.2298,
     "n": 384,
     "ci_lo": 2.4391,
     "ci_hi": 2.6687
    },
    "by_n": {
     "2": 1.663,
     "3": 2.3089,
     "4": 2.9052,
     "5": 3.3392
    }
   },
   "no_comm": {
    "describe": {
     "amean": 2.3993,
     "gmean": 2.1385,
     "median": 2.0425,
     "min": 0.7781,
     "max": 5.149,
     "p90": 3.9852,
     "n": 384,
     "ci_lo": 2.2842,
     "ci_hi": 2.5134
    },
    "by_n": {
     "2": 1.6127,
     "3": 2.1896,
     "4": 2.6843,
     "5": 3.1104
    },
    "paired": {
     "n": 384,
     "win": 117,
     "tie": 36,
     "loss": 231,
     "mean_a": 2.3993,
     "mean_b": 2.5541,
     "rel": -0.0606,
     "p": 1.9913480605410778e-10,
     "p_holm": 1.1948088363246466e-09
    }
   },
   "no_sync": {
    "describe": {
     "amean": 2.5402,
     "gmean": 2.2871,
     "median": 2.2277,
     "min": 0.5223,
     "max": 5.5011,
     "p90": 4.2298,
     "n": 384,
     "ci_lo": 2.4246,
     "ci_hi": 2.6556
    },
    "by_n": {
     "2": 1.6558,
     "3": 2.2928,
     "4": 2.9016,
     "5": 3.3107
    },
    "paired": {
     "n": 384,
     "win": 23,
     "tie": 311,
     "loss": 50,
     "mean_a": 2.5402,
     "mean_b": 2.5541,
     "rel": -0.0054,
     "p": 0.00042809191046970274,
     "p_holm": 0.0012842757314091083
    }
   },
   "no_localsearch": {
    "describe": {
     "amean": 2.5505,
     "gmean": 2.3002,
     "median": 2.2763,
     "min": 0.4205,
     "max": 5.5011,
     "p90": 4.2298,
     "n": 384,
     "ci_lo": 2.4364,
     "ci_hi": 2.6643
    },
    "by_n": {
     "2": 1.6501,
     "3": 2.2912,
     "4": 2.8994,
     "5": 3.3614
    },
    "paired": {
     "n": 384,
     "win": 99,
     "tie": 159,
     "loss": 126,
     "mean_a": 2.5505,
     "mean_b": 2.5541,
     "rel": -0.0014,
     "p": 0.15961275879821635,
     "p_holm": 0.15961275879821635
    }
   },
   "no_level": {
    "describe": {
     "amean": 2.0489,
     "gmean": 1.7908,
     "median": 1.8717,
     "min": 0.2506,
     "max": 5.4115,
     "p90": 3.6348,
     "n": 384,
     "ci_lo": 1.9449,
     "ci_hi": 2.1532
    },
    "by_n": {
     "2": 1.4778,
     "3": 1.8976,
     "4": 2.2938,
     "5": 2.5263
    },
    "paired": {
     "n": 384,
     "win": 36,
     "tie": 6,
     "loss": 342,
     "mean_a": 2.0489,
     "mean_b": 2.5541,
     "rel": -0.1978,
     "p": 1.6925962809268887e-51,
     "p_holm": 1.184817396648822e-50
    }
   },
   "no_level_no_comm": {
    "describe": {
     "amean": 1.0737,
     "gmean": 1.0176,
     "median": 0.976,
     "min": 0.6877,
     "max": 4.9619,
     "p90": 1.0825,
     "n": 384,
     "ci_lo": 1.0232,
     "ci_hi": 1.1307
    },
    "by_n": {
     "2": 1.0286,
     "3": 1.0437,
     "4": 1.0625,
     "5": 1.1601
    },
    "paired": {
     "n": 384,
     "win": 18,
     "tie": 1,
     "loss": 365,
     "mean_a": 1.0737,
     "mean_b": 2.5541,
     "rel": -0.5796,
     "p": 6.656467682020417e-63,
     "p_holm": 5.325174145616333e-62
    }
   },
   "max_ops500": {
    "describe": {
     "amean": 2.5492,
     "gmean": 2.3011,
     "median": 2.2568,
     "min": 0.5464,
     "max": 5.4297,
     "p90": 4.229,
     "n": 384,
     "ci_lo": 2.4348,
     "ci_hi": 2.6636
    },
    "by_n": {
     "2": 1.6704,
     "3": 2.3107,
     "4": 2.8957,
     "5": 3.32
    },
    "paired": {
     "n": 384,
     "win": 66,
     "tie": 195,
     "loss": 123,
     "mean_a": 2.5492,
     "mean_b": 2.5541,
     "rel": -0.0019,
     "p": 0.013507287426414029,
     "p_holm": 0.027014574852828058
    }
   },
   "lvl_alap": {
    "describe": {
     "amean": 2.5688,
     "gmean": 2.3411,
     "median": 2.3386,
     "min": 0.5568,
     "max": 5.5011,
     "p90": 4.0829,
     "n": 384,
     "ci_lo": 2.4588,
     "ci_hi": 2.6785
    },
    "by_n": {
     "2": 1.7136,
     "3": 2.3406,
     "4": 2.9222,
     "5": 3.299
    },
    "paired": {
     "n": 384,
     "win": 111,
     "tie": 214,
     "loss": 59,
     "mean_a": 2.5688,
     "mean_b": 2.5541,
     "rel": 0.0058,
     "p": 0.00018467794184996077,
     "p_holm": 0.0009233897092498038
    }
   },
   "lvl_compress": {
    "describe": {
     "amean": 2.5688,
     "gmean": 2.3411,
     "median": 2.3386,
     "min": 0.5568,
     "max": 5.5011,
     "p90": 4.0829,
     "n": 384,
     "ci_lo": 2.4588,
     "ci_hi": 2.6785
    },
    "by_n": {
     "2": 1.7136,
     "3": 2.3406,
     "4": 2.9222,
     "5": 3.299
    },
    "paired": {
     "n": 384,
     "win": 111,
     "tie": 214,
     "loss": 59,
     "mean_a": 2.5688,
     "mean_b": 2.5541,
     "rel": 0.0058,
     "p": 0.00018467794184996077,
     "p_holm": 0.0009233897092498038
    }
   }
  },
  "problem2": {
   "full_c2": {
    "describe": {
     "amean": 2.6961,
     "gmean": 2.4672,
     "median": 2.5753,
     "min": 0.9153,
     "max": 5.5011,
     "p90": 4.4176,
     "n": 400,
     "ci_lo": 2.5872,
     "ci_hi": 2.8047
    },
    "by_n": {
     "2": 1.7067,
     "3": 2.4379,
     "4": 3.0732,
     "5": 3.5666
    }
   },
   "no_comm": {
    "describe": {
     "amean": 2.5185,
     "gmean": 2.2529,
     "median": 2.2109,
     "min": 0.863,
     "max": 5.3677,
     "p90": 4.1888,
     "n": 400,
     "ci_lo": 2.4053,
     "ci_hi": 2.6333
    },
    "by_n": {
     "2": 1.668,
     "3": 2.2889,
     "4": 2.8167,
     "5": 3.3004
    },
    "paired": {
     "n": 400,
     "win": 125,
     "tie": 36,
     "loss": 239,
     "mean_a": 2.5185,
     "mean_b": 2.6961,
     "rel": -0.0659,
     "p": 1.8437331980969822e-12,
     "p_holm": 1.4749865584775858e-11
    }
   },
   "no_sync": {
    "describe": {
     "amean": 2.6899,
     "gmean": 2.4605,
     "median": 2.5715,
     "min": 0.9004,
     "max": 5.5011,
     "p90": 4.4176,
     "n": 400,
     "ci_lo": 2.581,
     "ci_hi": 2.7987
    },
    "by_n": {
     "2": 1.7025,
     "3": 2.4254,
     "4": 3.0801,
     "5": 3.5517
    },
    "paired": {
     "n": 400,
     "win": 24,
     "tie": 335,
     "loss": 41,
     "mean_a": 2.6899,
     "mean_b": 2.6961,
     "rel": -0.0023,
     "p": 0.06445678065190316,
     "p_holm": 0.20608509551648016
    }
   },
   "no_localsearch": {
    "describe": {
     "amean": 2.7045,
     "gmean": 2.4791,
     "median": 2.6191,
     "min": 0.732,
     "max": 5.5011,
     "p90": 4.3632,
     "n": 400,
     "ci_lo": 2.5969,
     "ci_hi": 2.8121
    },
    "by_n": {
     "2": 1.7017,
     "3": 2.4162,
     "4": 3.0919,
     "5": 3.6082
    },
    "paired": {
     "n": 400,
     "win": 107,
     "tie": 162,
     "loss": 131,
     "mean_a": 2.7045,
     "mean_b": 2.6961,
     "rel": 0.0031,
     "p": 0.6204514631096623,
     "p_holm": 0.6204514631096623
    }
   },
   "no_level": {
    "describe": {
     "amean": 2.4713,
     "gmean": 2.2063,
     "median": 2.1018,
     "min": 0.5212,
     "max": 5.5011,
     "p90": 4.2277,
     "n": 400,
     "ci_lo": 2.357,
     "ci_hi": 2.586
    },
    "by_n": {
     "2": 1.6536,
     "3": 2.2537,
     "4": 2.7952,
     "5": 3.1826
    },
    "paired": {
     "n": 400,
     "win": 49,
     "tie": 144,
     "loss": 207,
     "mean_a": 2.4713,
     "mean_b": 2.6961,
     "rel": -0.0834,
     "p": 5.999296841199558e-26,
     "p_holm": 6.599226525319513e-25
    }
   },
   "no_level_no_comm": {
    "describe": {
     "amean": 1.6246,
     "gmean": 1.4985,
     "median": 1.378,
     "min": 0.7599,
     "max": 4.9792,
     "p90": 2.653,
     "n": 400,
     "ci_lo": 1.5494,
     "ci_hi": 1.7031
    },
    "by_n": {
     "2": 1.4304,
     "3": 1.6213,
     "4": 1.6815,
     "5": 1.765
    },
    "paired": {
     "n": 400,
     "win": 40,
     "tie": 18,
     "loss": 342,
     "mean_a": 1.6246,
     "mean_b": 2.6961,
     "rel": -0.3974,
     "p": 2.2409098257206313e-58,
     "p_holm": 2.6890917908647577e-57
    }
   },
   "max_ops500": {
    "describe": {
     "amean": 2.7009,
     "gmean": 2.4743,
     "median": 2.5753,
     "min": 0.9153,
     "max": 5.5011,
     "p90": 4.4168,
     "n": 400,
     "ci_lo": 2.5922,
     "ci_hi": 2.8096
    },
    "by_n": {
     "2": 1.7197,
     "3": 2.4379,
     "4": 3.0748,
     "5": 3.5714
    },
    "paired": {
     "n": 400,
     "win": 73,
     "tie": 280,
     "loss": 47,
     "mean_a": 2.7009,
     "mean_b": 2.6961,
     "rel": 0.0018,
     "p": 0.0022785153428447774,
     "p_holm": 0.01594960739991344
    }
   },
   "op_full": {
    "describe": {
     "amean": 2.744,
     "gmean": 2.5258,
     "median": 2.5487,
     "min": 0.7807,
     "max": 6.788,
     "p90": 4.2955,
     "n": 400,
     "ci_lo": 2.6343,
     "ci_hi": 2.8537
    },
    "by_n": {
     "2": 1.8171,
     "3": 2.5034,
     "4": 3.0943,
     "5": 3.5612
    },
    "paired": {
     "n": 400,
     "win": 233,
     "tie": 9,
     "loss": 158,
     "mean_a": 2.744,
     "mean_b": 2.6961,
     "rel": 0.0178,
     "p": 0.003293000393475709,
     "p_holm": 0.019758002360854253
    }
   },
   "op_mu0": {
    "describe": {
     "amean": 2.713,
     "gmean": 2.4883,
     "median": 2.5443,
     "min": 0.7807,
     "max": 6.788,
     "p90": 4.2277,
     "n": 400,
     "ci_lo": 2.6028,
     "ci_hi": 2.8227
    },
    "by_n": {
     "2": 1.7964,
     "3": 2.464,
     "4": 3.0682,
     "5": 3.5234
    },
    "paired": {
     "n": 400,
     "win": 230,
     "tie": 8,
     "loss": 162,
     "mean_a": 2.713,
     "mean_b": 2.6961,
     "rel": 0.0063,
     "p": 0.05152127387912004,
     "p_holm": 0.20608509551648016
    }
   },
   "op_nu0": {
    "describe": {
     "amean": 2.6755,
     "gmean": 2.4659,
     "median": 2.5294,
     "min": 0.7807,
     "max": 6.5916,
     "p90": 4.2148,
     "n": 400,
     "ci_lo": 2.5695,
     "ci_hi": 2.7818
    },
    "by_n": {
     "2": 1.7585,
     "3": 2.4402,
     "4": 3.0175,
     "5": 3.4859
    },
    "paired": {
     "n": 400,
     "win": 217,
     "tie": 7,
     "loss": 176,
     "mean_a": 2.6755,
     "mean_b": 2.6961,
     "rel": -0.0076,
     "p": 0.1239778312335478,
     "p_holm": 0.2479556624670956
    }
   },
   "op_alpha1": {
    "describe": {
     "amean": 2.7257,
     "gmean": 2.513,
     "median": 2.563,
     "min": 0.7741,
     "max": 6.1349,
     "p90": 4.2312,
     "n": 400,
     "ci_lo": 2.6184,
     "ci_hi": 2.8327
    },
    "by_n": {
     "2": 1.818,
     "3": 2.4938,
     "4": 3.0645,
     "5": 3.5264
    },
    "paired": {
     "n": 400,
     "win": 228,
     "tie": 9,
     "loss": 163,
     "mean_a": 2.7257,
     "mean_b": 2.6961,
     "rel": 0.011,
     "p": 0.011212139361475767,
     "p_holm": 0.05606069680737884
    }
   },
   "lvl_alap": {
    "describe": {
     "amean": 2.7627,
     "gmean": 2.5517,
     "median": 2.6574,
     "min": 0.9345,
     "max": 5.5011,
     "p90": 4.2313,
     "n": 400,
     "ci_lo": 2.657,
     "ci_hi": 2.8673
    },
    "by_n": {
     "2": 1.7662,
     "3": 2.4988,
     "4": 3.153,
     "5": 3.6329
    },
    "paired": {
     "n": 400,
     "win": 141,
     "tie": 226,
     "loss": 33,
     "mean_a": 2.7627,
     "mean_b": 2.6961,
     "rel": 0.0247,
     "p": 6.559519916738624e-14,
     "p_holm": 6.559519916738625e-13
    }
   },
   "lvl_compress": {
    "describe": {
     "amean": 2.7627,
     "gmean": 2.5517,
     "median": 2.6574,
     "min": 0.9345,
     "max": 5.5011,
     "p90": 4.2313,
     "n": 400,
     "ci_lo": 2.657,
     "ci_hi": 2.8673
    },
    "by_n": {
     "2": 1.7662,
     "3": 2.4988,
     "4": 3.153,
     "5": 3.6329
    },
    "paired": {
     "n": 400,
     "win": 141,
     "tie": 226,
     "loss": 33,
     "mean_a": 2.7627,
     "mean_b": 2.6961,
     "rel": 0.0247,
     "p": 6.559519916738624e-14,
     "p_holm": 6.559519916738625e-13
    }
   }
  },
  "problem3": {
   "full_c2": {
    "describe": {
     "amean": 2.7587,
     "gmean": 2.5305,
     "median": 2.7313,
     "min": 0.8955,
     "max": 5.5028,
     "p90": 4.4188,
     "n": 400,
     "ci_lo": 2.6492,
     "ci_hi": 2.8665
    },
    "by_n": {
     "2": 1.7231,
     "3": 2.4621,
     "4": 3.1747,
     "5": 3.675
    }
   },
   "no_comm": {
    "describe": {
     "amean": 2.5732,
     "gmean": 2.3079,
     "median": 2.2994,
     "min": 0.863,
     "max": 5.3677,
     "p90": 4.2011,
     "n": 400,
     "ci_lo": 2.4587,
     "ci_hi": 2.6878
    },
    "by_n": {
     "2": 1.6845,
     "3": 2.3202,
     "4": 2.8865,
     "5": 3.4015
    },
    "paired": {
     "n": 400,
     "win": 124,
     "tie": 38,
     "loss": 238,
     "mean_a": 2.5732,
     "mean_b": 2.7587,
     "rel": -0.0673,
     "p": 5.200729495250809e-12,
     "p_holm": 4.160583596200647e-11
    }
   },
   "no_sync": {
    "describe": {
     "amean": 2.7537,
     "gmean": 2.5233,
     "median": 2.7415,
     "min": 0.7687,
     "max": 5.5028,
     "p90": 4.4188,
     "n": 400,
     "ci_lo": 2.6443,
     "ci_hi": 2.862
    },
    "by_n": {
     "2": 1.7177,
     "3": 2.4495,
     "4": 3.1799,
     "5": 3.6677
    },
    "paired": {
     "n": 400,
     "win": 16,
     "tie": 345,
     "loss": 39,
     "mean_a": 2.7537,
     "mean_b": 2.7587,
     "rel": -0.0018,
     "p": 0.01727640094286987,
     "p_holm": 0.08638200471434934
    }
   },
   "no_localsearch": {
    "describe": {
     "amean": 2.7555,
     "gmean": 2.5294,
     "median": 2.6991,
     "min": 0.7375,
     "max": 5.5028,
     "p90": 4.3747,
     "n": 400,
     "ci_lo": 2.6469,
     "ci_hi": 2.8633
    },
    "by_n": {
     "2": 1.7201,
     "3": 2.4402,
     "4": 3.1469,
     "5": 3.715
    },
    "paired": {
     "n": 400,
     "win": 99,
     "tie": 165,
     "loss": 136,
     "mean_a": 2.7555,
     "mean_b": 2.7587,
     "rel": -0.0012,
     "p": 0.13463563279617524,
     "p_holm": 0.37750413925158266
    }
   },
   "no_level": {
    "describe": {
     "amean": 2.5057,
     "gmean": 2.2379,
     "median": 2.1246,
     "min": 0.454,
     "max": 5.5028,
     "p90": 4.2313,
     "n": 400,
     "ci_lo": 2.3913,
     "ci_hi": 2.6209
    },
    "by_n": {
     "2": 1.6717,
     "3": 2.2702,
     "4": 2.8556,
     "5": 3.2254
    },
    "paired": {
     "n": 400,
     "win": 51,
     "tie": 142,
     "loss": 207,
     "mean_a": 2.5057,
     "mean_b": 2.7587,
     "rel": -0.0917,
     "p": 1.452974509472155e-25,
     "p_holm": 1.5982719604193705e-24
    }
   },
   "no_level_no_comm": {
    "describe": {
     "amean": 1.6574,
     "gmean": 1.5268,
     "median": 1.4191,
     "min": 0.7601,
     "max": 4.9792,
     "p90": 2.7066,
     "n": 400,
     "ci_lo": 1.5803,
     "ci_hi": 1.7373
    },
    "by_n": {
     "2": 1.4472,
     "3": 1.6409,
     "4": 1.7145,
     "5": 1.8269
    },
    "paired": {
     "n": 400,
     "win": 41,
     "tie": 17,
     "loss": 342,
     "mean_a": 1.6574,
     "mean_b": 2.7587,
     "rel": -0.3992,
     "p": 2.6866283027659843e-58,
     "p_holm": 3.223953963319181e-57
    }
   },
   "max_ops500": {
    "describe": {
     "amean": 2.7636,
     "gmean": 2.5378,
     "median": 2.7282,
     "min": 0.8955,
     "max": 5.5028,
     "p90": 4.4188,
     "n": 400,
     "ci_lo": 2.6545,
     "ci_hi": 2.8714
    },
    "by_n": {
     "2": 1.7363,
     "3": 2.4631,
     "4": 3.1758,
     "5": 3.6793
    },
    "paired": {
     "n": 400,
     "win": 77,
     "tie": 276,
     "loss": 47,
     "mean_a": 2.7636,
     "mean_b": 2.7587,
     "rel": 0.0018,
     "p": 0.0010219905648137964,
     "p_holm": 0.007153933953696574
    }
   },
   "op_full": {
    "describe": {
     "amean": 2.7857,
     "gmean": 2.5636,
     "median": 2.6071,
     "min": 0.7886,
     "max": 6.788,
     "p90": 4.3205,
     "n": 400,
     "ci_lo": 2.6754,
     "ci_hi": 2.8958
    },
    "by_n": {
     "2": 1.8188,
     "3": 2.5161,
     "4": 3.1731,
     "5": 3.635
    },
    "paired": {
     "n": 400,
     "win": 228,
     "tie": 11,
     "loss": 161,
     "mean_a": 2.7857,
     "mean_b": 2.7587,
     "rel": 0.0098,
     "p": 0.009396338755964892,
     "p_holm": 0.05637803253578935
    }
   },
   "op_mu0": {
    "describe": {
     "amean": 2.754,
     "gmean": 2.5264,
     "median": 2.5837,
     "min": 0.7886,
     "max": 6.788,
     "p90": 4.2365,
     "n": 400,
     "ci_lo": 2.6436,
     "ci_hi": 2.8645
    },
    "by_n": {
     "2": 1.7985,
     "3": 2.4742,
     "4": 3.1466,
     "5": 3.5969
    },
    "paired": {
     "n": 400,
     "win": 222,
     "tie": 10,
     "loss": 168,
     "mean_a": 2.754,
     "mean_b": 2.7587,
     "rel": -0.0017,
     "p": 0.12583471308386088,
     "p_holm": 0.37750413925158266
    }
   },
   "op_nu0": {
    "describe": {
     "amean": 2.7136,
     "gmean": 2.5006,
     "median": 2.578,
     "min": 0.7886,
     "max": 6.5916,
     "p90": 4.2749,
     "n": 400,
     "ci_lo": 2.6066,
     "ci_hi": 2.8205
    },
    "by_n": {
     "2": 1.7595,
     "3": 2.4533,
     "4": 3.0858,
     "5": 3.5557
    },
    "paired": {
     "n": 400,
     "win": 214,
     "tie": 8,
     "loss": 178,
     "mean_a": 2.7136,
     "mean_b": 2.7587,
     "rel": -0.0164,
     "p": 0.29010145251035624,
     "p_holm": 0.37750413925158266
    }
   },
   "op_alpha1": {
    "describe": {
     "amean": 2.768,
     "gmean": 2.5514,
     "median": 2.6148,
     "min": 0.782,
     "max": 6.1257,
     "p90": 4.2889,
     "n": 400,
     "ci_lo": 2.66,
     "ci_hi": 2.8766
    },
    "by_n": {
     "2": 1.8202,
     "3": 2.5068,
     "4": 3.1448,
     "5": 3.6001
    },
    "paired": {
     "n": 400,
     "win": 225,
     "tie": 10,
     "loss": 165,
     "mean_a": 2.768,
     "mean_b": 2.7587,
     "rel": 0.0034,
     "p": 0.028564256893879314,
     "p_holm": 0.11425702757551726
    }
   },
   "lvl_alap": {
    "describe": {
     "amean": 2.8254,
     "gmean": 2.6148,
     "median": 2.7866,
     "min": 0.9331,
     "max": 5.5028,
     "p90": 4.3299,
     "n": 400,
     "ci_lo": 2.7192,
     "ci_hi": 2.9296
    },
    "by_n": {
     "2": 1.7816,
     "3": 2.5285,
     "4": 3.2471,
     "5": 3.7443
    },
    "paired": {
     "n": 400,
     "win": 145,
     "tie": 226,
     "loss": 29,
     "mean_a": 2.8254,
     "mean_b": 2.7587,
     "rel": 0.0242,
     "p": 1.1723683248051525e-14,
     "p_holm": 1.1723683248051525e-13
    }
   },
   "lvl_compress": {
    "describe": {
     "amean": 2.8254,
     "gmean": 2.6148,
     "median": 2.7866,
     "min": 0.9331,
     "max": 5.5028,
     "p90": 4.3299,
     "n": 400,
     "ci_lo": 2.7192,
     "ci_hi": 2.9296
    },
    "by_n": {
     "2": 1.7816,
     "3": 2.5285,
     "4": 3.2471,
     "5": 3.7443
    },
    "paired": {
     "n": 400,
     "win": 145,
     "tie": 226,
     "loss": 29,
     "mean_a": 2.8254,
     "mean_b": 2.7587,
     "rel": 0.0242,
     "p": 1.1723683248051525e-14,
     "p_holm": 1.1723683248051525e-13
    }
   }
  }
 },
 "portfolio_analysis": {
  "greedy": {
   "P1": [
    {
     "k": 1,
     "label": "sa1",
     "amean": 3.0052
    },
    {
     "k": 2,
     "label": "c1",
     "amean": 3.1085
    },
    {
     "k": 3,
     "label": "c2",
     "amean": 3.1216
    },
    {
     "k": 4,
     "label": "sa3",
     "amean": 3.1286
    },
    {
     "k": 5,
     "label": "c9",
     "amean": 3.132
    },
    {
     "k": 6,
     "label": "c3",
     "amean": 3.135
    },
    {
     "k": 7,
     "label": "c8",
     "amean": 3.1367
    },
    {
     "k": 8,
     "label": "c12",
     "amean": 3.1383
    },
    {
     "k": 9,
     "label": "c4",
     "amean": 3.1394
    },
    {
     "k": 10,
     "label": "c7",
     "amean": 3.1401
    },
    {
     "k": 11,
     "label": "sa2",
     "amean": 3.1406
    },
    {
     "k": 12,
     "label": "c10",
     "amean": 3.1409
    }
   ],
   "P2": [
    {
     "k": 1,
     "label": "c12",
     "amean": 3.153
    },
    {
     "k": 2,
     "label": "c14",
     "amean": 3.4441
    },
    {
     "k": 3,
     "label": "c17",
     "amean": 3.484
    },
    {
     "k": 4,
     "label": "c1",
     "amean": 3.51
    },
    {
     "k": 5,
     "label": "s7",
     "amean": 3.5209
    },
    {
     "k": 6,
     "label": "s15",
     "amean": 3.531
    },
    {
     "k": 7,
     "label": "c8",
     "amean": 3.5394
    },
    {
     "k": 8,
     "label": "s3",
     "amean": 3.5464
    },
    {
     "k": 9,
     "label": "c3",
     "amean": 3.5534
    },
    {
     "k": 10,
     "label": "s16",
     "amean": 3.5594
    },
    {
     "k": 11,
     "label": "s11",
     "amean": 3.5628
    },
    {
     "k": 12,
     "label": "c16",
     "amean": 3.5652
    },
    {
     "k": 13,
     "label": "s2",
     "amean": 3.5676
    },
    {
     "k": 14,
     "label": "c5",
     "amean": 3.5698
    },
    {
     "k": 15,
     "label": "s6",
     "amean": 3.5718
    },
    {
     "k": 16,
     "label": "c6",
     "amean": 3.5733
    },
    {
     "k": 17,
     "label": "s9",
     "amean": 3.5743
    },
    {
     "k": 18,
     "label": "c7",
     "amean": 3.5748
    },
    {
     "k": 19,
     "label": "c9",
     "amean": 3.5753
    },
    {
     "k": 20,
     "label": "s4",
     "amean": 3.5756
    },
    {
     "k": 21,
     "label": "c10",
     "amean": 3.5759
    },
    {
     "k": 22,
     "label": "s14",
     "amean": 3.5761
    },
    {
     "k": 23,
     "label": "s8",
     "amean": 3.5763
    },
    {
     "k": 24,
     "label": "c15",
     "amean": 3.5765
    },
    {
     "k": 25,
     "label": "s12",
     "amean": 3.5765
    },
    {
     "k": 26,
     "label": "c2",
     "amean": 3.5766
    }
   ],
   "P3": [
    {
     "k": 1,
     "label": "c12",
     "amean": 3.2471
    },
    {
     "k": 2,
     "label": "c17",
     "amean": 3.531
    },
    {
     "k": 3,
     "label": "c15",
     "amean": 3.5872
    },
    {
     "k": 4,
     "label": "c1",
     "amean": 3.6116
    },
    {
     "k": 5,
     "label": "s11",
     "amean": 3.6241
    },
    {
     "k": 6,
     "label": "c3",
     "amean": 3.631
    },
    {
     "k": 7,
     "label": "c8",
     "amean": 3.6373
    },
    {
     "k": 8,
     "label": "s9",
     "amean": 3.6407
    },
    {
     "k": 9,
     "label": "s3",
     "amean": 3.6432
    },
    {
     "k": 10,
     "label": "c5",
     "amean": 3.6455
    },
    {
     "k": 11,
     "label": "c6",
     "amean": 3.647
    },
    {
     "k": 12,
     "label": "s10",
     "amean": 3.6484
    },
    {
     "k": 13,
     "label": "s14",
     "amean": 3.6498
    },
    {
     "k": 14,
     "label": "s8",
     "amean": 3.6511
    },
    {
     "k": 15,
     "label": "s2",
     "amean": 3.6523
    },
    {
     "k": 16,
     "label": "s13",
     "amean": 3.6529
    },
    {
     "k": 17,
     "label": "s7",
     "amean": 3.6533
    },
    {
     "k": 18,
     "label": "c9",
     "amean": 3.6537
    },
    {
     "k": 19,
     "label": "c16",
     "amean": 3.654
    },
    {
     "k": 20,
     "label": "c7",
     "amean": 3.6543
    },
    {
     "k": 21,
     "label": "c2",
     "amean": 3.6544
    }
   ]
  },
  "leave_one_out": {
   "P1": {
    "champion_amean": 3.1808,
    "worst_10": [
     {
      "label": "a_no_balance",
      "delta": -0.01161
     },
     {
      "label": "g_2.0",
      "delta": -0.0087
     },
     {
      "label": "embed_n3",
      "delta": -0.00404
     },
     {
      "label": "sa1",
      "delta": -0.00394
     },
     {
      "label": "a_no_comm",
      "delta": -0.00374
     },
     {
      "label": "c3",
      "delta": -0.00173
     },
     {
      "label": "c8",
      "delta": -0.00158
     },
     {
      "label": "c2",
      "delta": -0.00119
     },
     {
      "label": "sa2",
      "delta": -0.00045
     },
     {
      "label": "c9",
      "delta": -0.00019
     }
    ],
    "labels": 35
   },
   "P2": {
    "champion_amean": 3.6309,
    "worst_10": [
     {
      "label": "embed_n3",
      "delta": -0.01372
     },
     {
      "label": "cross_from_p3",
      "delta": -0.00242
     },
     {
      "label": "s7",
      "delta": -0.00232
     },
     {
      "label": "a_no_comm",
      "delta": -0.00205
     },
     {
      "label": "s15",
      "delta": -0.00169
     },
     {
      "label": "s16",
      "delta": -0.00158
     },
     {
      "label": "s3",
      "delta": -0.00154
     },
     {
      "label": "s6",
      "delta": -0.00041
     },
     {
      "label": "c16",
      "delta": -0.00016
     },
     {
      "label": "s12",
      "delta": -7e-05
     }
    ],
    "labels": 72
   },
   "P3": {
    "champion_amean": 3.6741,
    "worst_10": [
     {
      "label": "cross_from_p2",
      "delta": -0.01054
     },
     {
      "label": "g_0.03",
      "delta": -0.00181
     },
     {
      "label": "s11",
      "delta": -0.00169
     },
     {
      "label": "s10",
      "delta": -0.00123
     },
     {
      "label": "c17",
      "delta": -0.00091
     },
     {
      "label": "s2",
      "delta": -0.00059
     },
     {
      "label": "s9",
      "delta": -0.00055
     },
     {
      "label": "a_no_comm",
      "delta": -0.0005
     },
     {
      "label": "g_0.06",
      "delta": -0.00018
     },
     {
      "label": "c9",
      "delta": -3e-05
     }
    ],
    "labels": 54
   }
  },
  "proxy_selection": {
   "P1": {
    "n": 100,
    "proxy_only_amean": 3.0663,
    "official_main_amean": 3.1409,
    "champion_amean": 3.1808,
    "proxy_loss_vs_official_main": 0.0746,
    "proxy_loss_vs_champion": 0.1145,
    "proxy_vs_official_main": {
     "n": 100,
     "win": 0,
     "tie": 52,
     "loss": 48,
     "mean_a": 3.0663,
     "mean_b": 3.1409,
     "rel": -0.0237,
     "p": 1.1076151546135735e-10
    },
    "proxy_vs_champion": {
     "n": 100,
     "win": 0,
     "tie": 36,
     "loss": 64,
     "mean_a": 3.0663,
     "mean_b": 3.1808,
     "rel": -0.036,
     "p": 5.214926521052866e-13
    }
   },
   "P2": {
    "n": 100,
    "proxy_only_amean": 3.3434,
    "official_main_amean": 3.5766,
    "champion_amean": 3.6309,
    "proxy_loss_vs_official_main": 0.2332,
    "proxy_loss_vs_champion": 0.2875,
    "proxy_vs_official_main": {
     "n": 100,
     "win": 0,
     "tie": 38,
     "loss": 62,
     "mean_a": 3.3434,
     "mean_b": 3.5766,
     "rel": -0.0652,
     "p": 2.4051050298460756e-12
    },
    "proxy_vs_champion": {
     "n": 100,
     "win": 0,
     "tie": 34,
     "loss": 66,
     "mean_a": 3.3434,
     "mean_b": 3.6309,
     "rel": -0.0792,
     "p": 5.214926521052866e-13
    }
   },
   "P3": {
    "n": 100,
    "proxy_only_amean": 3.4218,
    "official_main_amean": 3.6544,
    "champion_amean": 3.6741,
    "proxy_loss_vs_official_main": 0.2326,
    "proxy_loss_vs_champion": 0.2523,
    "proxy_vs_official_main": {
     "n": 100,
     "win": 0,
     "tie": 43,
     "loss": 57,
     "mean_a": 3.4218,
     "mean_b": 3.6544,
     "rel": -0.0637,
     "p": 2.3900953516978203e-11
    },
    "proxy_vs_champion": {
     "n": 100,
     "win": 0,
     "tie": 43,
     "loss": 57,
     "mean_a": 3.4218,
     "mean_b": 3.6741,
     "rel": -0.0687,
     "p": 2.3900953516978203e-11
    }
   }
  }
 },
 "cv_select": {
  "rule": "超参数过拟合检验：二折交叉验证（T20，只读 results/pool.csv，不评估）。",
  "problems": {
   "problem1": {
    "train_A": {
     "selected": [
      "sa1",
      "c1",
      "c3",
      "sa3"
     ],
     "selected_mean_test": 2.6266,
     "all_labels_mean_test": 2.7066,
     "out_of_fold_loss": 0.0296,
     "block_cap_train_means": {
      "g_0.03": 1.6054,
      "g_0.06": 1.9685,
      "g_0.12": 2.3785,
      "g_0.25": 2.476,
      "g_0.5": 2.5944,
      "g_1.0": 2.447,
      "g_2.0": 2.1442
     },
     "block_cap_selected": "g_0.5",
     "block_cap_selected_mean_test": 2.338,
     "block_cap_default_mean_test": 2.3999,
     "block_cap_rel_vs_default": -0.0258,
     "configs_train": 200,
     "configs_test": 200
    },
    "train_B": {
     "selected": [
      "sa1",
      "c12",
      "c7",
      "c3"
     ],
     "selected_mean_test": 2.8911,
     "all_labels_mean_test": 2.9277,
     "out_of_fold_loss": 0.0125,
     "block_cap_train_means": {
      "g_0.03": 1.471,
      "g_0.06": 1.8199,
      "g_0.12": 2.069,
      "g_0.25": 2.1767,
      "g_0.5": 2.338,
      "g_1.0": 2.0452,
      "g_2.0": 1.7729
     },
     "block_cap_selected": "g_0.5",
     "block_cap_selected_mean_test": 2.5944,
     "block_cap_default_mean_test": 2.6769,
     "block_cap_rel_vs_default": -0.0308,
     "configs_train": 200,
     "configs_test": 200
    }
   },
   "problem2": {
    "train_A": {
     "selected": [
      "c12",
      "c17",
      "c15",
      "c1"
     ],
     "selected_mean_test": 3.0109,
     "all_labels_mean_test": 3.1352,
     "out_of_fold_loss": 0.0397,
     "block_cap_train_means": {
      "g_0.03": 2.54,
      "g_0.06": 2.6593,
      "g_0.12": 2.7382,
      "g_0.25": 2.754,
      "g_0.5": 2.7462,
      "g_1.0": 2.7295,
      "g_2.0": 2.541
     },
     "block_cap_selected": "g_0.25",
     "block_cap_selected_mean_test": 2.523,
     "block_cap_default_mean_test": 2.5167,
     "block_cap_rel_vs_default": 0.0025,
     "configs_train": 200,
     "configs_test": 200
    },
    "train_B": {
     "selected": [
      "c14",
      "c12",
      "c17",
      "c7"
     ],
     "selected_mean_test": 3.2027,
     "all_labels_mean_test": 3.2714,
     "out_of_fold_loss": 0.021,
     "block_cap_train_means": {
      "g_0.03": 2.419,
      "g_0.06": 2.4368,
      "g_0.12": 2.4692,
      "g_0.25": 2.523,
      "g_0.5": 2.501,
      "g_1.0": 2.4516,
      "g_2.0": 2.3057
     },
     "block_cap_selected": "g_0.25",
     "block_cap_selected_mean_test": 2.754,
     "block_cap_default_mean_test": 2.7458,
     "block_cap_rel_vs_default": 0.003,
     "configs_train": 200,
     "configs_test": 200
    }
   },
   "problem3": {
    "train_A": {
     "selected": [
      "c12",
      "c17",
      "c15",
      "c7"
     ],
     "selected_mean_test": 3.0753,
     "all_labels_mean_test": 3.1716,
     "out_of_fold_loss": 0.0304,
     "block_cap_train_means": {
      "g_0.03": 2.6027,
      "g_0.06": 2.6869,
      "g_0.12": 2.7805,
      "g_0.25": 2.8063,
      "g_0.5": 2.7913,
      "g_1.0": 2.7574,
      "g_2.0": 2.5652
     },
     "block_cap_selected": "g_0.25",
     "block_cap_selected_mean_test": 2.5898,
     "block_cap_default_mean_test": 2.5832,
     "block_cap_rel_vs_default": 0.0025,
     "configs_train": 200,
     "configs_test": 200
    },
    "train_B": {
     "selected": [
      "c12",
      "c14",
      "c17",
      "c1"
     ],
     "selected_mean_test": 3.2344,
     "all_labels_mean_test": 3.2977,
     "out_of_fold_loss": 0.0192,
     "block_cap_train_means": {
      "g_0.03": 2.4819,
      "g_0.06": 2.5101,
      "g_0.12": 2.5326,
      "g_0.25": 2.5898,
      "g_0.5": 2.5586,
      "g_1.0": 2.4977,
      "g_2.0": 2.3471
     },
     "block_cap_selected": "g_0.25",
     "block_cap_selected_mean_test": 2.8063,
     "block_cap_default_mean_test": 2.7997,
     "block_cap_rel_vs_default": 0.0024,
     "configs_train": 200,
     "configs_test": 200
    }
   }
  },
  "cv_loss_max": 0.0397
 }
}
summary -> C:\Users\13985\Desktop\x\results\summary.json
figure -> C:\Users\13985\Desktop\x\figures\fig01_architecture.png
figure -> C:\Users\13985\Desktop\x\figures\fig02_example_dag.png
figure -> C:\Users\13985\Desktop\x\figures\fig03_partition_sketch.png
figure -> C:\Users\13985\Desktop\x\figures\fig04_framework.png
figure -> C:\Users\13985\Desktop\x\figures\fig05_speedup.png
figure -> C:\Users\13985\Desktop\x\figures\fig05b_speedup_box.png
figure -> C:\Users\13985\Desktop\x\figures\fig09_runtime.png
figure -> C:\Users\13985\Desktop\x\figures\fig06_makespan_compare_p1_n4.png
figure -> C:\Users\13985\Desktop\x\figures\fig07_addedcopy_p1_n4.png
figure -> C:\Users\13985\Desktop\x\figures\fig13_pareto_p1_n4.png
figure -> C:\Users\13985\Desktop\x\figures\fig06_makespan_compare_p2_n4.png
figure -> C:\Users\13985\Desktop\x\figures\fig07_addedcopy_p2_n4.png
figure -> C:\Users\13985\Desktop\x\figures\fig13_pareto_p2_n4.png
figure -> C:\Users\13985\Desktop\x\figures\fig06_makespan_compare_p3_n4.png
figure -> C:\Users\13985\Desktop\x\figures\fig07_addedcopy_p3_n4.png
figure -> C:\Users\13985\Desktop\x\figures\fig13_pareto_p3_n4.png
figure -> C:\Users\13985\Desktop\x\figures\fig12_features_p2_n4.png
figure -> C:\Users\13985\Desktop\x\figures\fig08_cache.png
figure -> C:\Users\13985\Desktop\x\figures\fig10_p3_curve.png
figure -> C:\Users\13985\Desktop\x\figures\fig11_ablation.png
figure -> C:\Users\13985\Desktop\x\figures\fig14_granularity.png
figure -> C:\Users\13985\Desktop\x\figures\fig15_sensitivity.png
figure -> C:\Users\13985\Desktop\x\figures\fig16_subgraph_count.png
figure -> C:\Users\13985\Desktop\x\figures\fig17_lower_bound.png
figure -> C:\Users\13985\Desktop\x\figures\fig05c_speedup_ci.png
figure -> C:\Users\13985\Desktop\x\figures\fig18_monotone.png
figure -> C:\Users\13985\Desktop\x\figures\fig19_greedy.png
figure -> C:\Users\13985\Desktop\x\figures\fig20_anytime.png
figure -> C:\Users\13985\Desktop\x\figures\fig21_p2p3.png
figure -> C:\Users\13985\Desktop\x\figures\fig23_traffic_split.png
figure -> C:\Users\13985\Desktop\x\figures\fig24_proxy_within.png
figure -> C:\Users\13985\Desktop\x\figures\fig25_bounds_cdf.png
